C166 COMPILER V7.00, VEHI0                                                                 04/01/2020 13:45:20 PAGE 1   


C166 COMPILER V7.00, COMPILATION OF MODULE VEHI0
OBJECT MODULE PLACED IN VEHI0.obj
COMPILER INVOKED BY: H:\KEILC166\C166\BIN\C166.EXE source\VEHI0.c MODV2 BROWSE INCDIR(.\source;.\lib) MODV2 DEBUG PRINT(
                    -.\VEHI0.lst) OBJECT(VEHI0.obj) 

 stmt lvl     source

*** WARNING C38 IN LINE 1 OF SOURCE\VEHI0.C: empty translation unit


MODULE INFORMATION:   INITIALIZED  UNINITIALIZED
  CODE SIZE        =    --------     --------
  NEAR-CONST SIZE  =    --------     --------
  FAR-CONST SIZE   =    --------     --------
  HUGE-CONST SIZE  =    --------     --------
  XHUGE-CONST SIZE =    --------     --------
  NEAR-DATA SIZE   =    --------     --------
  FAR-DATA SIZE    =    --------     --------
  XHUGE-DATA SIZE  =    --------     --------
  IDATA-DATA SIZE  =    --------     --------
  SDATA-DATA SIZE  =    --------     --------
  BDATA-DATA SIZE  =    --------     --------
  HUGE-DATA SIZE   =    --------     --------
  BIT SIZE         =    --------     --------
  INIT'L SIZE      =    --------     --------
END OF MODULE INFORMATION.


C166 COMPILATION COMPLETE.  1 WARNING(S),  0 ERROR(S)
