C166 COMPILER V7.00, USIC0                                                                 04/01/2020 13:45:20 PAGE 1   


C166 COMPILER V7.00, COMPILATION OF MODULE USIC0
OBJECT MODULE PLACED IN USIC0.obj
COMPILER INVOKED BY: H:\KEILC166\C166\BIN\C166.EXE source\USIC0.c MODV2 BROWSE INCDIR(.\source;.\lib) MODV2 DEBUG PRINT(
                    -.\USIC0.lst) OBJECT(USIC0.obj) 

 stmt lvl     source

    1         //****************************************************************************
    2         // @Module        USIC0
    3         // @Filename      USIC0.c
    4         // @Project       tiaoshi.dav
    5         //----------------------------------------------------------------------------
    6         // @Controller    Infineon XC2267M-104F80
    7         //
    8         // @Compiler      Keil
    9         //
   10         // @Codegenerator 2.0
   11         //
   12         // @Description   This file contains functions that use the USIC0 module.
   13         //
   14         //----------------------------------------------------------------------------
   15         // @Date          2020/1/14 16:27:47
   16         //
   17         //****************************************************************************
   18         
   19         // USER CODE BEGIN (USIC0_General,1)
   20         
   21         // USER CODE END
   22         
   23         //****************************************************************************
   24         // @Project Includes
   25         //****************************************************************************
   26         
   27         #include "MAIN.h"
   28         
   29         // USER CODE BEGIN (USIC0_General,2)
   30         
   31         // USER CODE END
   32         
   33         
   34         //****************************************************************************
   35         // @Macros
   36         //****************************************************************************
   37         
   38         // USER CODE BEGIN (USIC0_General,3)
   39         
   40         // USER CODE END
   41         
   42         
   43         //****************************************************************************
   44         // @Defines
   45         //****************************************************************************
   46         
   47         // USER CODE BEGIN (USIC0_General,4)
   48         
   49         // USER CODE END
   50         
   51         
   52         //****************************************************************************
   53         // @Typedefs
   54         //****************************************************************************
C166 COMPILER V7.00, USIC0                                                                 04/01/2020 13:45:20 PAGE 2   

   55         
   56         // USER CODE BEGIN (USIC0_General,5)
   57         
   58         // USER CODE END
   59         
   60         
   61         //****************************************************************************
   62         // @Imported Global Variables
   63         //****************************************************************************
   64         
   65         // USER CODE BEGIN (USIC0_General,6)
   66         
   67         // USER CODE END
   68         
   69         
   70         //****************************************************************************
   71         // @Global Variables
   72         //****************************************************************************
   73         
   74         // USER CODE BEGIN (USIC0_General,7)
   75         
   76         // USER CODE END
   77         
   78         
   79         //****************************************************************************
   80         // @External Prototypes
   81         //****************************************************************************
   82         
   83         // USER CODE BEGIN (USIC0_General,8)
   84         
   85         // USER CODE END
   86         
   87         
   88         //****************************************************************************
   89         // @Prototypes Of Local Functions
   90         //****************************************************************************
   91         
   92         // USER CODE BEGIN (USIC0_General,9)
   93         
   94         // USER CODE END
   95         
   96         
   97         //****************************************************************************
   98         // @Function      void USIC0_vInit(void) 
   99         //
  100         //----------------------------------------------------------------------------
  101         // @Description   This function initializes USIC0 Module
  102         //
  103         //----------------------------------------------------------------------------
  104         // @Returnvalue   None
  105         //
  106         //----------------------------------------------------------------------------
  107         // @Parameters    None
  108         //
  109         //----------------------------------------------------------------------------
  110         // @Date          2020/1/14
  111         //
  112         //****************************************************************************
  113         
  114         // USER CODE BEGIN (Init,1)
  115         
  116         // USER CODE END
C166 COMPILER V7.00, USIC0                                                                 04/01/2020 13:45:20 PAGE 3   

  117         
  118         void USIC0_vInit(void)
  119         {
  120  1        // USER CODE BEGIN (Init,2)
  121  1      
  122  1        // USER CODE END
  123  1      
  124  1        //   -----------------------------------------------------------------------
  125  1        //   Initialization of USIC Peripherals:
  126  1        //   -----------------------------------------------------------------------
  127  1      
  128  1        ///  - USIC0 module clock = 80.00 MHz
  129  1      
  130  1        ///  -----------------------------------------------------------------------
  131  1        ///  Configuration of the U0C0 Kernel State Configuration:
  132  1        ///  -----------------------------------------------------------------------
  133  1      
  134  1        U0C0_KSCFG     =  0x0003;      // load U0C0 kernel state configuration 
  135  1                                       // register
  136  1      
  137  1        _nop_();  // one cycle delay 
  138  1      
  139  1        _nop_();  // one cycle delay 
  140  1      
  141  1        ///  -----------------------------------------------------------------------
  142  1        ///  Configuration of the U0C0 Channel Control Register (Mode & Interrupts):
  143  1        ///  -----------------------------------------------------------------------
  144  1        /// - The USIC channel is disabled
  145  1        /// - The parity generation is disabled
  146  1      
  147  1        U0C0_CCR       =  0x0000;      // load U0C0 channel control register
  148  1      
  149  1        //   initializes the Universal Serial Interface Channel (USIC) U0C0
  150  1      
  151  1        U0C0_IIC_vInit();
  152  1      
  153  1        ///  -----------------------------------------------------------------------
  154  1        ///  Configuration of the U0C0 Channel Control Register (Mode & Interrupts):
  155  1        ///  -----------------------------------------------------------------------
  156  1        ///  - IIC protocol is selected 
  157  1        ///  - The parity generation is disabled
  158  1      
  159  1        U0C0_CCR       =  0x0004;      // load U0C0 channel control register
  160  1      
  161  1        ///  -----------------------------------------------------------------------
  162  1        ///  Configuration of the U0C1 Kernel State Configuration:
  163  1        ///  -----------------------------------------------------------------------
  164  1      
  165  1        U0C1_KSCFG     =  0x0003;      // load U0C1 kernel state configuration 
  166  1                                       // register
  167  1      
  168  1        _nop_();  // one cycle delay 
  169  1      
  170  1        _nop_();  // one cycle delay 
  171  1      
  172  1        ///  -----------------------------------------------------------------------
  173  1        ///  Configuration of the U0C1 Channel Control Register (Mode & Interrupts):
  174  1        ///  -----------------------------------------------------------------------
  175  1        /// - The USIC channel is disabled
  176  1        /// - The parity generation is disabled
  177  1      
  178  1        U0C1_CCR       =  0x0000;      // load U0C0 channel control register
C166 COMPILER V7.00, USIC0                                                                 04/01/2020 13:45:20 PAGE 4   

  179  1      
  180  1        //   initializes the Universal Serial Interface Channel (USIC) U0C1
  181  1      
  182  1        U0C1_IIC_vInit();
  183  1      
  184  1        ///  -----------------------------------------------------------------------
  185  1        ///  Configuration of the U0C1 Channel Control Register (Mode & Interrupts):
  186  1        ///  -----------------------------------------------------------------------
  187  1        ///  - IIC protocol is selected 
  188  1        ///  - The parity generation is disabled
  189  1      
  190  1        U0C1_CCR       =  0x0004;      // load U0C1 channel control register
  191  1      
  192  1      
  193  1        // USER CODE BEGIN (Init,3)
  194  1      
  195  1        // USER CODE END
  196  1      
  197  1      } //  End of function USIC0_vInit
  198         
  199         
  200         
  201         
  202         // USER CODE BEGIN (USIC0_General,10)
  203         
  204         // USER CODE END
  205         


MODULE INFORMATION:   INITIALIZED  UNINITIALIZED
  CODE SIZE        =          78     --------
  NEAR-CONST SIZE  =    --------     --------
  FAR-CONST SIZE   =    --------     --------
  HUGE-CONST SIZE  =    --------     --------
  XHUGE-CONST SIZE =    --------     --------
  NEAR-DATA SIZE   =    --------     --------
  FAR-DATA SIZE    =    --------     --------
  XHUGE-DATA SIZE  =    --------     --------
  IDATA-DATA SIZE  =    --------     --------
  SDATA-DATA SIZE  =    --------     --------
  BDATA-DATA SIZE  =    --------     --------
  HUGE-DATA SIZE   =    --------     --------
  BIT SIZE         =    --------     --------
  INIT'L SIZE      =    --------     --------
END OF MODULE INFORMATION.


C166 COMPILATION COMPLETE.  0 WARNING(S),  0 ERROR(S)
