C166 COMPILER V7.00, REMOTE                                                                04/01/2020 13:21:48 PAGE 1   


C166 COMPILER V7.00, COMPILATION OF MODULE REMOTE
OBJECT MODULE PLACED IN remote.OBJ
COMPILER INVOKED BY: H:\KEILC166\C166\BIN\C166.EXE remote.c MODV2 BROWSE MODV2 DEBUG

 stmt lvl     source

    1         /********************************************************
    2         function:remote message Processing information
    3         date:2019.09.20
    4         author:dowson_tseng
    5         email:dowson.tseng@gmail.com
    6         ********************************************************/
    7         
    8         #include "MAIN.h"
    9         #include "steering.h"
   10         #include "remote.h"
   11         
   12         struct remote_receive remote_re;
   13         //struct remote_receive self_driving;
   14         
   15         
   16         
   17         
   18         
   19         
   20         
   21         
   22         
   23         
   24         
   25         
   26         
   27         
   28         
   29         
   30         
   31         
   32         


MODULE INFORMATION:   INITIALIZED  UNINITIALIZED
  CODE SIZE        =    --------     --------
  NEAR-CONST SIZE  =    --------     --------
  FAR-CONST SIZE   =    --------     --------
  HUGE-CONST SIZE  =    --------     --------
  XHUGE-CONST SIZE =    --------     --------
  NEAR-DATA SIZE   =          20     --------
  FAR-DATA SIZE    =    --------     --------
  XHUGE-DATA SIZE  =    --------     --------
  IDATA-DATA SIZE  =    --------     --------
  SDATA-DATA SIZE  =    --------     --------
  BDATA-DATA SIZE  =    --------     --------
  HUGE-DATA SIZE   =    --------     --------
  BIT SIZE         =    --------     --------
  INIT'L SIZE      =    --------     --------
END OF MODULE INFORMATION.


C166 COMPILATION COMPLETE.  0 WARNING(S),  0 ERROR(S)
